Microchip MPLAB XC8 Compiler V2.46

Linker command line:

-W-3 \
  --edf=C:\Program Files\Microchip\xc8\v2.46\pic\dat\20240104201356_en.msgs \
  -cn -h+dist/default/debug\smart_home.X.debug.sym \
  --cmf=dist/default/debug\smart_home.X.debug.cmf -z -Q18F4620 \
  -oC:\Users\Ameer\AppData\Local\Temp\xcAslcs.\driver_tmp_3.o \
  --defsym=__MPLAB_BUILD=1 --fixupoverflow=error \
  -Mdist/default/debug/smart_home.X.debug.map \
  --md=C:\Users\Ameer\AppData\Local\Temp\xcAslcs.\driver_tmp_0.dat -E1 \
  -ver=XC8 Compiler --acfsm=1493 -ACODE=00h-0FFFFh -ACONST=00h-0FFFFh \
  -ASMALLCONST=01000h-010FFhx240 -AMEDIUMCONST=01000h-0FFFFh \
  -ACOMRAM=01h-07Fh -AABS1=00h-0F7Fh -ABIGRAM=01h-0F7Fh \
  -ARAM=080h-0FFh,0100h-01FFhx14,0F00h-0F7Fh -ABANK0=080h-0FFh \
  -ABANK1=0100h-01FFh -ABANK2=0200h-02FFh -ABANK3=0300h-03FFh \
  -ABANK4=0400h-04FFh -ABANK5=0500h-05FFh -ABANK6=0600h-06FFh \
  -ABANK7=0700h-07FFh -ABANK8=0800h-08FFh -ABANK9=0900h-09FFh \
  -ABANK10=0A00h-0AFFh -ABANK11=0B00h-0BFFh -ABANK12=0C00h-0CFFh \
  -ABANK13=0D00h-0DFFh -ABANK14=0E00h-0EFFh -ABANK15=0F00h-0F7Fh \
  -ASFR=0F80h-0FFFh -ABIGSFR=0F80h-0FFFh -ACONFIG=0300000h-030000Dh \
  -AIDLOC=0200000h-0200007h -AEEDATA=0F00000h-0F003FFh -peeprom_data=EEDATA \
  -preset_vec=00h,intcode=8h,intcodelo,powerup,init -pramtop=01000h \
  -psmallconst=SMALLCONST -pmediumconst=MEDIUMCONST -pconst=CONST \
  -AFARRAM=00h-00h \
  -prdata=COMRAM,nvrram=COMRAM,nvbit=COMRAM,rbss=COMRAM,rbit=COMRAM \
  -pfarbss=FARRAM,fardata=FARRAM,nvFARRAM=FARRAM \
  -pintsave_regs=BIGRAM,bigbss=BIGRAM,bigdata=BIGRAM -pbss=RAM \
  -pidata=CODE,irdata=CODE,ibigdata=CODE,ifardata=CODE -prparam=COMRAM \
  C:\Users\Ameer\AppData\Local\Temp\xcAslcs.\driver_tmp_9.o \
  dist/default/debug\smart_home.X.debug.o 

Object code version is 3.11

Machine type is 18F4620



                Name                               Link     Load   Length Selector   Space Scale
C:\Users\Ameer\AppData\Local\Temp\xcAslcs.\driver_tmp_9.o
                config                           300000   300000        E        0       4
                init                                  E        E        4        4       0
                reset_vec                             0        0        4        0       0
dist/default/debug\smart_home.X.debug.o
                intcode                               8        8        6        4       0
                config                           300000   300000        E        0       4
                temp                                 77       77        1        1       1
                smallconst                         1000     1000       14      800       0
                text54                             403E     403E        4     201D       0
                text53                             3FE6     3FE6       1A      80A       0
                text52                             3FC8     3FC8       1E      80A       0
                text51                             2E80     2E80       F0      80A       0
                text50                             38EA     38EA       76      80A       0
                text49                             3874     3874       76      80A       0
                text48                             21BE     21BE      30C      80A       0
                text47                             3E0A     3E0A       46      80A       0
                text46                             403A     403A        4     201D       0
                text45                             4000     4000       18      80A       0
                text44                             365E     365E       A4      80A       0
                text43                             304C     304C       D8      80A       0
                text42                             3E94     3E94       3A      80A       0
                text41                             3F86     3F86       24      80A       0
                text40                             3ABA     3ABA       72      80A       0
                text39                             19F8     19F8      42A      80A       0
                text38                             39D4     39D4       74      80A       0
                text37                             2A90     2A90      106      80A       0
                text36                             2682     2682      1B4      80A       0
                text35                             31F8     31F8       D0      80A       0
                text34                             3B8C     3B8C       5C      80A       0
                text33                             3ECE     3ECE       36      80A       0
                intcode_body                       3502     3502       B6      80A       0
                text31                             2D8A     2D8A       F6      80A       0
                text30                             37FC     37FC       78      80A       0
                text29                             3784     3784       78      80A       0
                text28                             2836     2836      152      80A       0
                text27                             3C42     3C42       58      80A       0
                text26                             3DC4     3DC4       46      80A       0
                text25                             3CEC     3CEC       4C      80A       0
                text24                             2F70     2F70       DC      80A       0
                text23                             3394     3394       B8      80A       0
                text22                             3F60     3F60       26      80A       0
                text21                             2C92     2C92       F8      80A       0
                text20                             3E50     3E50       44      80A       0
                text19                             3960     3960       74      80A       0
                text18                             3A48     3A48       72      80A       0
                text17                             1536     1536      4C2      80A       0
                text16                             1E22     1E22      39C      80A       0
                text15                             2988     2988      108      80A       0
                text14                             24CA     24CA      1B8      80A       0
                text13                             1014     1014      522      80A       0
                text12                             2B96     2B96       FC      80A       0
                text11                             3124     3124       D4      80A       0
                text10                             3D7E     3D7E       46      80A       0
                text9                              3D38     3D38       46      80A       0
                text8                              35B8     35B8       A6      80A       0
                text7                              344C     344C       B6      80A       0
                text6                              32C8     32C8       CC      80A       0
                text5                              3B2C     3B2C       60      80A       0
                text4                              3C9A     3C9A       52      80A       0
                text3                              3BE8     3BE8       5A      80A       0
                text2                              3FAA     3FAA       1E      80A       0
                text1                              4028     4028        A      80A       0
                text0                              4018     4018       10      80A       0
                cstackCOMRAM                          1        1       3C        1       1
                cstackBANK0                          80       80       3D       80       1
                cstackBANK1                         133      133        8      100       1
                dataBANK1                           100      100       33      100       1
                dataBANK0                            BD       BD       29       80       1
                bssBANK0                             E6       E6       19       80       1
                dataCOMRAM                           70       70        7        1       1
                bssCOMRAM                            3D       3D       33        1       1
                cinit                              3702     3702       82      80A       0
                idataBANK1                         3F04     3F04       33      80A       0
                idataBANK0                         3F37     3F37       29      80A       0
                idataCOMRAM                        4032     4032        7      80A       0

TOTAL           Name                               Link     Load   Length     Space
        CLASS   CODE           
                intcode                               8        8        6         0
                init                                  E        E        4         0
                reset_vec                             0        0        4         0
                text54                             403E     403E        4         0
                text53                             3FE6     3FE6       1A         0
                text52                             3FC8     3FC8       1E         0
                text51                             2E80     2E80       F0         0
                text50                             38EA     38EA       76         0
                text49                             3874     3874       76         0
                text48                             21BE     21BE      30C         0
                text47                             3E0A     3E0A       46         0
                text46                             403A     403A        4         0
                text45                             4000     4000       18         0
                text44                             365E     365E       A4         0
                text43                             304C     304C       D8         0
                text42                             3E94     3E94       3A         0
                text41                             3F86     3F86       24         0
                text40                             3ABA     3ABA       72         0
                text39                             19F8     19F8      42A         0
                text38                             39D4     39D4       74         0
                text37                             2A90     2A90      106         0
                text36                             2682     2682      1B4         0
                text35                             31F8     31F8       D0         0
                text34                             3B8C     3B8C       5C         0
                text33                             3ECE     3ECE       36         0
                intcode_body                       3502     3502       B6         0
                text31                             2D8A     2D8A       F6         0
                text30                             37FC     37FC       78         0
                text29                             3784     3784       78         0
                text28                             2836     2836      152         0
                text27                             3C42     3C42       58         0
                text26                             3DC4     3DC4       46         0
                text25                             3CEC     3CEC       4C         0
                text24                             2F70     2F70       DC         0
                text23                             3394     3394       B8         0
                text22                             3F60     3F60       26         0
                text21                             2C92     2C92       F8         0
                text20                             3E50     3E50       44         0
                text19                             3960     3960       74         0
                text18                             3A48     3A48       72         0
                text17                             1536     1536      4C2         0
                text16                             1E22     1E22      39C         0
                text15                             2988     2988      108         0
                text14                             24CA     24CA      1B8         0
                text13                             1014     1014      522         0
                text12                             2B96     2B96       FC         0
                text11                             3124     3124       D4         0
                text10                             3D7E     3D7E       46         0
                text9                              3D38     3D38       46         0
                text8                              35B8     35B8       A6         0
                text7                              344C     344C       B6         0
                text6                              32C8     32C8       CC         0
                text5                              3B2C     3B2C       60         0
                text4                              3C9A     3C9A       52         0
                text3                              3BE8     3BE8       5A         0
                text2                              3FAA     3FAA       1E         0
                text1                              4028     4028        A         0
                text0                              4018     4018       10         0
                cinit                              3702     3702       82         0
                idataBANK1                         3F04     3F04       33         0
                idataBANK0                         3F37     3F37       29         0
                idataCOMRAM                        4032     4032        7         0

        CLASS   CONST          

        CLASS   SMALLCONST     
                smallconst                         1000     1000       14         0

        CLASS   MEDIUMCONST    

        CLASS   COMRAM         
                temp                                 77       77        1         1
                cstackCOMRAM                          1        1       3C         1
                dataCOMRAM                           70       70        7         1
                bssCOMRAM                            3D       3D       33         1

        CLASS   ABS1           

        CLASS   BIGRAM         

        CLASS   RAM            

        CLASS   BANK0          
                cstackBANK0                          80       80       3D         1
                dataBANK0                            BD       BD       29         1
                bssBANK0                             E6       E6       19         1

        CLASS   BANK1          
                cstackBANK1                         133      133        8         1
                dataBANK1                           100      100       33         1

        CLASS   BANK2          

        CLASS   BANK3          

        CLASS   BANK4          

        CLASS   BANK5          

        CLASS   BANK6          

        CLASS   BANK7          

        CLASS   BANK8          

        CLASS   BANK9          

        CLASS   BANK10         

        CLASS   BANK11         

        CLASS   BANK12         

        CLASS   BANK13         

        CLASS   BANK14         

        CLASS   BANK15         

        CLASS   SFR            

        CLASS   BIGSFR         

        CLASS   CONFIG         
                config                           300000   300000        E         4

        CLASS   IDLOC          

        CLASS   EEDATA         

        CLASS   FARRAM         

        CLASS   HEAP           

        CLASS   STACK          



SEGMENTS        Name                           Load    Length   Top    Selector   Space  Class

                reset_vec                      000000  000004  000004         0       0  CODE    
                cstackCOMRAM                   000001  000077  000078         1       1  COMRAM  
                intcode                        000008  00000A  000012         4       0  CODE    
                cstackBANK0                    000080  00007F  0000FF        80       1  BANK0   
                dataBANK1                      000100  00003B  00013B       100       1  BANK1   
                smallconst                     001000  000014  001014       800       0  SMALLCON
                text13                         001014  003025  004039       80A       0  CODE    
                text46                         00403A  000008  004042      201D       0  CODE    


UNUSED ADDRESS RANGES

        Name                Unused          Largest block    Delta
        BANK0            0000FF-0000FF                1
        BANK1            00013B-0001FF               C5
        BANK10           000A00-000AFF              100
        BANK11           000B00-000BFF              100
        BANK12           000C00-000CFF              100
        BANK13           000D00-000DFF              100
        BANK14           000E00-000EFF              100
        BANK15           000F00-000F7F               80
        BANK2            000200-0002FF              100
        BANK3            000300-0003FF              100
        BANK4            000400-0004FF              100
        BANK5            000500-0005FF              100
        BANK6            000600-0006FF              100
        BANK7            000700-0007FF              100
        BANK8            000800-0008FF              100
        BANK9            000900-0009FF              100
        BIGRAM           000078-00007F                8
                         0000FF-0000FF                1
                         00013B-000F7F              E45
        BIGSFR           000F80-000FFF               80
        CODE             000004-000007                4
                         000012-000FFF              FEE
                         004039-004039                1
                         004042-00FFFF             BFBE
        COMRAM           000078-00007F                8
        CONST            000004-000007                4
                         000012-000FFF              FEE
                         004039-004039                1
                         004042-00FFFF             BFBE
        EEDATA           F00000-F003FF              400
        IDLOC            200000-200007                8
        MEDIUMCONST      004039-004039                1
                         004042-00FFFF             BFBE
        RAM              0000FF-0000FF                1
                         00013B-000F7F              100
        SFR              000F80-000FFF               80
        SMALLCONST       004039-004039                1
                         004042-00FFFF              100

                                  Symbol Table

?___fladd                                            cstackBANK0  0000A7
?___fldiv                                            cstackBANK0  00008E
?___flmul                                            cstackCOMRAM 00000F
?___fltol                                            cstackBANK0  000080
?___lwdiv                                            cstackCOMRAM 000001
?___xxtofl                                           cstackBANK0  000080
?i2___fltol                                          cstackCOMRAM 000028
?i2___xxtofl                                         cstackCOMRAM 000001
ADC_GetConversionResult@adc_obj                      cstackCOMRAM 000001
ADC_GetConversionResult@conversion_result            cstackCOMRAM 000003
ADC_GetConversionResult@error_state                  cstackCOMRAM 000007
ADC_GetConversion_Blocking@adc_obj                   cstackCOMRAM 000009
ADC_GetConversion_Blocking@channel                   cstackCOMRAM 00000B
ADC_GetConversion_Blocking@conversion_result         cstackCOMRAM 00000C
ADC_GetConversion_Blocking@error_state               cstackCOMRAM 00000E
ADC_GetConversion_Blocking@l_conversion_status       cstackCOMRAM 00000D
ADC_Init@adc_obj                                     cstackBANK0  000085
ADC_Init@error_state                                 cstackBANK0  000088
ADC_SelectChannel@adc_obj                            cstackCOMRAM 000004
ADC_SelectChannel@channel                            cstackCOMRAM 000006
ADC_SelectChannel@error_state                        cstackCOMRAM 000008
ADC_StartConversion@adc_obj                          cstackCOMRAM 000001
ADC_StartConversion@error_state                      cstackCOMRAM 000003
CCP_Init@F3222                                       bssBANK0     0000EA
CCP_Init@F3233                                       bssBANK0     0000E6
EUSART_ASYNC_Init@_eusart                            cstackBANK0  0000BB
EUSART_ASYNC_ReadByteBlocking@_data                  cstackCOMRAM 000001
EUSART_ASYNC_ReadByteNonBlocking@_data               cstackCOMRAM 000001
EUSART_ASYNC_WrireByteBlocking@data                  cstackCOMRAM 000001
Interrupt_ADC_Init@adc_obj                           cstackBANK0  000080
Interrupt_ADC_Init@error_state                       cstackBANK0  000084
LM35_GetTempCelsius@Temp_celsius_res                 cstackCOMRAM 000034
LM35_GetTempCelsius@adc_obj                          cstackCOMRAM 000032
LM35_GetTempCelsius@l_conversion_res                 cstackCOMRAM 000035
LM35_Init@adc_obj                                    cstackBANK0  000089
Timer0_Init@timer0_obj                               cstackBANK0  00008C
_ADCON0bits                                          (abs)        000FC2
_ADCON1bits                                          (abs)        000FC1
_ADCON2bits                                          (abs)        000FC0
_ADC_GetConversionResult                             text44       00365E
_ADC_GetConversion_Blocking                          text40       003ABA
_ADC_ISR                                             text54       00403E
_ADC_Init                                            text23       003394
_ADC_InterruptHandler                                bssCOMRAM    00006B
_ADC_SelectChannel                                   text42       003E94
_ADC_StartConversion                                 text41       003F86
_ADRESH                                              (abs)        000FC4
_ADRESL                                              (abs)        000FC3
_AirConditioner_TempHandler                          text28       002836
_BAUDCONbits                                         (abs)        000FB8
_CCP1CONbits                                         (abs)        000FBD
_CCP1_InterruptHandler                               bssCOMRAM    000069
_CCP1_PIN_PWM_MODE                                   dataCOMRAM   000076
_CCP2CONbits                                         (abs)        000FBA
_CCP2_InterruptHandler                               bssBANK0     0000EE
_CCP2_PIN_PWM_MODE                                   dataCOMRAM   000075
_CCPR1L                                              (abs)        000FBE
_CCPR2L                                              (abs)        000FBB
_EEADR                                               (abs)        000FA9
_EEADRH                                              (abs)        000FAA
_EECON1bits                                          (abs)        000FA6
_EECON2                                              (abs)        000FA7
_EEDATA                                              (abs)        000FA8
_EUSART_ASYNC_FramingErrorHandler                    bssCOMRAM    000063
_EUSART_ASYNC_Init                                   text10       003D7E
_EUSART_ASYNC_OverRunErrorHandler                    bssCOMRAM    000061
_EUSART_ASYNC_RX_ISR                                 text47       003E0A
_EUSART_ASYNC_RX_InterruptHandler                    bssCOMRAM    000065
_EUSART_ASYNC_ReadByteBlocking                       text53       003FE6
_EUSART_ASYNC_ReadByteNonBlocking                    text52       003FC8
_EUSART_ASYNC_TX_ISR                                 text46       00403A
_EUSART_ASYNC_TX_InterruptHandler                    bssCOMRAM    000067
_EUSART_ASYNC_WrireByteBlocking                      text45       004000
_EUSART_RXDefaultInterruptHandler                    text48       0021BE
_INT0_InterruptHandler                               bssCOMRAM    00005F
_INT1_InterruptHandler                               bssCOMRAM    00005D
_INT2_InterruptHandler                               bssCOMRAM    00005B
_INTCON2bits                                         (abs)        000FF1
_INTCON3bits                                         (abs)        000FF0
_INTCONbits                                          (abs)        000FF2
_InterruptManager                                    intcode      000008
_Interrupt_ADC_Init                                  text27       003C42
_KEY_PAD_BTN_VALUES                                  smallconst   001001
_LATA                                                (abs)        000F89
_LATB                                                (abs)        000F8A
_LATC                                                (abs)        000F8B
_LATD                                                (abs)        000F8C
_LATE                                                (abs)        000F8D
_LM35_GetTempCelsius                                 text35       0031F8
_LM35_Init                                           text22       003F60
_PIE1bits                                            (abs)        000F9D
_PIE2bits                                            (abs)        000FA0
_PIR1bits                                            (abs)        000F9E
_PIR2bits                                            (abs)        000FA1
_PORTA                                               (abs)        000F80
_PORTB                                               (abs)        000F81
_PORTC                                               (abs)        000F82
_PORTD                                               (abs)        000F83
_PORTE                                               (abs)        000F84
_PR2                                                 (abs)        000FCB
_RB4_InterruptHandler_High                           bssCOMRAM    000059
_RB4_InterruptHandler_Low                            bssCOMRAM    000057
_RB4_flag                                            dataCOMRAM   000074
_RB5_InterruptHandler_High                           bssCOMRAM    000055
_RB5_InterruptHandler_Low                            bssCOMRAM    000053
_RB5_flag                                            dataCOMRAM   000073
_RB6_InterruptHandler_High                           bssCOMRAM    000051
_RB6_InterruptHandler_Low                            bssCOMRAM    00004F
_RB6_flag                                            dataCOMRAM   000072
_RB7_InterruptHandler_High                           bssCOMRAM    00004D
_RB7_InterruptHandler_Low                            bssCOMRAM    00004B
_RB7_flag                                            dataCOMRAM   000071
_RCREG                                               (abs)        000FAE
_RCSTAbits                                           (abs)        000FAB
_SPBRG                                               (abs)        000FAF
_SPBRGH                                              (abs)        000FB0
_SSPADD                                              (abs)        000FC8
_SSPBUF                                              (abs)        000FC9
_SSPCON1bits                                         (abs)        000FC6
_SSPCON2bits                                         (abs)        000FC5
_SSPSTATbits                                         (abs)        000FC7
_T0CONbits                                           (abs)        000FD5
_T1CONbits                                           (abs)        000FCD
_T2CONbits                                           (abs)        000FCA
_T3CONbits                                           (abs)        000FB1
_TIMER0_ISR                                          text33       003ECE
_TIMER0_InterruptHandler                             text34       003B8C
_TIMER1_InterruptHandler                             bssCOMRAM    000045
_TIMER2_InterruptHandler                             bssCOMRAM    000041
_TMR0H                                               (abs)        000FD7
_TMR0L                                               (abs)        000FD6
_TMR1H                                               (abs)        000FCF
_TMR1L                                               (abs)        000FCE
_TMR2                                                (abs)        000FCC
_TMR3H                                               (abs)        000FB3
_TMR3L                                               (abs)        000FB2
_TRISA                                               (abs)        000F92
_TRISB                                               (abs)        000F93
_TRISC                                               (abs)        000F94
_TRISCbits                                           (abs)        000F94
_TRISD                                               (abs)        000F95
_TRISE                                               (abs)        000F96
_TXREG                                               (abs)        000FAD
_TXSTAbits                                           (abs)        000FAC
_Timer0_Init                                         text3        003BE8
_Timer0_InterruptHandler                             bssCOMRAM    000047
_Timer3_InterruptHandler                             bssCOMRAM    00003D
__HRAM                                               (abs)        000000
__H__absolute__                                      __absolute__ 000000
__Habs1                                              abs1         000000
__Hbank0                                             bank0        000000
__Hbank1                                             bank1        000000
__Hbank10                                            bank10       000000
__Hbank11                                            bank11       000000
__Hbank12                                            bank12       000000
__Hbank13                                            bank13       000000
__Hbank14                                            bank14       000000
__Hbank15                                            bank15       000000
__Hbank2                                             bank2        000000
__Hbank3                                             bank3        000000
__Hbank4                                             bank4        000000
__Hbank5                                             bank5        000000
__Hbank6                                             bank6        000000
__Hbank7                                             bank7        000000
__Hbank8                                             bank8        000000
__Hbank9                                             bank9        000000
__Hbigbss                                            bigbss       000000
__Hbigdata                                           bigdata      000000
__Hbigram                                            bigram       000000
__Hbigsfr                                            bigsfr       000000
__Hbss                                               bss          000000
__HbssBANK0                                          bssBANK0     000000
__HbssCOMRAM                                         bssCOMRAM    000000
__Hcinit                                             cinit        000000
__Hclrtext                                           clrtext      000000
__Hcomram                                            comram       000000
__Hconfig                                            config       30000E
__Hconst                                             const        000000
__HcstackBANK0                                       cstackBANK0  000000
__HcstackBANK1                                       cstackBANK1  000000
__HcstackCOMRAM                                      cstackCOMRAM 000000
__Hdata                                              data         000000
__HdataBANK0                                         dataBANK0    000000
__HdataBANK1                                         dataBANK1    000000
__HdataCOMRAM                                        dataCOMRAM   000000
__Heeprom_data                                       eeprom_data  000000
__Hfarbss                                            farbss       000000
__Hfardata                                           fardata      000000
__Hheap                                              heap         000000
__Hibigdata                                          ibigdata     000000
__Hidata                                             idata        000000
__HidataBANK0                                        idataBANK0   000000
__HidataBANK1                                        idataBANK1   000000
__HidataCOMRAM                                       idataCOMRAM  000000
__Hidloc                                             idloc        000000
__Hifardata                                          ifardata     000000
__Hinit                                              init         000012
__Hintcode                                           intcode      00000E
__Hintcode_body                                      intcode_body 000000
__Hintcodelo                                         intcodelo    00000E
__Hintentry                                          intentry     000000
__Hintret                                            intret       000000
__Hintsave_regs                                      intsave_regs 000000
__Hirdata                                            irdata       000000
__Hmediumconst                                       mediumconst  000000
__HnvFARRAM                                          nvFARRAM     000000
__Hnvbit                                             nvbit        000000
__Hnvrram                                            nvrram       000000
__Hparam                                             rparam       000000
__Hpowerup                                           powerup      00000E
__Hram                                               ram          000000
__Hramtop                                            ramtop       001000
__Hrbit                                              rbit         000000
__Hrbss                                              rbss         000000
__Hrdata                                             rdata        000000
__Hreset_vec                                         reset_vec    000004
__Hrparam                                            rparam       000000
__Hsfr                                               sfr          000000
__Hsivt_hi                                           sivt_hi      000000
__Hsivt_lo                                           sivt_lo      000000
__Hsmallconst                                        smallconst   001014
__Hspace_0                                           (abs)        004042
__Hspace_1                                           (abs)        00013B
__Hspace_2                                           (abs)        000000
__Hspace_4                                           (abs)        60000E
__Hstack                                             stack        000000
__Hstruct                                            struct       000000
__Htemp                                              temp         000078
__Htext                                              text         000000
__Htext0                                             text0        000000
__Htext1                                             text1        000000
__Htext10                                            text10       000000
__Htext11                                            text11       000000
__Htext12                                            text12       000000
__Htext13                                            text13       000000
__Htext14                                            text14       000000
__Htext15                                            text15       000000
__Htext16                                            text16       000000
__Htext17                                            text17       000000
__Htext18                                            text18       000000
__Htext19                                            text19       000000
__Htext2                                             text2        000000
__Htext20                                            text20       000000
__Htext21                                            text21       000000
__Htext22                                            text22       000000
__Htext23                                            text23       000000
__Htext24                                            text24       000000
__Htext25                                            text25       000000
__Htext26                                            text26       000000
__Htext27                                            text27       000000
__Htext28                                            text28       000000
__Htext29                                            text29       000000
__Htext3                                             text3        000000
__Htext30                                            text30       000000
__Htext31                                            text31       000000
__Htext33                                            text33       000000
__Htext34                                            text34       000000
__Htext35                                            text35       000000
__Htext36                                            text36       000000
__Htext37                                            text37       000000
__Htext38                                            text38       000000
__Htext39                                            text39       000000
__Htext4                                             text4        000000
__Htext40                                            text40       000000
__Htext41                                            text41       000000
__Htext42                                            text42       000000
__Htext43                                            text43       000000
__Htext44                                            text44       000000
__Htext45                                            text45       000000
__Htext46                                            text46       000000
__Htext47                                            text47       000000
__Htext48                                            text48       000000
__Htext49                                            text49       000000
__Htext5                                             text5        000000
__Htext50                                            text50       000000
__Htext51                                            text51       000000
__Htext52                                            text52       000000
__Htext53                                            text53       000000
__Htext54                                            text54       000000
__Htext6                                             text6        000000
__Htext7                                             text7        000000
__Htext8                                             text8        000000
__Htext9                                             text9        000000
__LRAM                                               (abs)        000001
__L__absolute__                                      __absolute__ 000000
__Labs1                                              abs1         000000
__Lbank0                                             bank0        000000
__Lbank1                                             bank1        000000
__Lbank10                                            bank10       000000
__Lbank11                                            bank11       000000
__Lbank12                                            bank12       000000
__Lbank13                                            bank13       000000
__Lbank14                                            bank14       000000
__Lbank15                                            bank15       000000
__Lbank2                                             bank2        000000
__Lbank3                                             bank3        000000
__Lbank4                                             bank4        000000
__Lbank5                                             bank5        000000
__Lbank6                                             bank6        000000
__Lbank7                                             bank7        000000
__Lbank8                                             bank8        000000
__Lbank9                                             bank9        000000
__Lbigbss                                            bigbss       000000
__Lbigdata                                           bigdata      000000
__Lbigram                                            bigram       000000
__Lbigsfr                                            bigsfr       000000
__Lbss                                               bss          000000
__LbssBANK0                                          bssBANK0     000000
__LbssCOMRAM                                         bssCOMRAM    000000
__Lcinit                                             cinit        000000
__Lclrtext                                           clrtext      000000
__Lcomram                                            comram       000000
__Lconfig                                            config       000000
__Lconst                                             const        000000
__LcstackBANK0                                       cstackBANK0  000000
__LcstackBANK1                                       cstackBANK1  000000
__LcstackCOMRAM                                      cstackCOMRAM 000000
__Ldata                                              data         000000
__LdataBANK0                                         dataBANK0    000000
__LdataBANK1                                         dataBANK1    000000
__LdataCOMRAM                                        dataCOMRAM   000000
__Leeprom_data                                       eeprom_data  000000
__Lfarbss                                            farbss       000000
__Lfardata                                           fardata      000000
__Lheap                                              heap         000000
__Libigdata                                          ibigdata     000000
__Lidata                                             idata        000000
__LidataBANK0                                        idataBANK0   000000
__LidataBANK1                                        idataBANK1   000000
__LidataCOMRAM                                       idataCOMRAM  000000
__Lidloc                                             idloc        000000
__Lifardata                                          ifardata     000000
__Linit                                              init         00000E
__Lintcode                                           intcode      000008
__Lintcode_body                                      intcode_body 000000
__Lintcodelo                                         intcodelo    00000E
__Lintentry                                          intentry     000000
__Lintret                                            intret       000000
__Lintsave_regs                                      intsave_regs 000000
__Lirdata                                            irdata       000000
__Lmediumconst                                       mediumconst  000000
__LnvFARRAM                                          nvFARRAM     000000
__Lnvbit                                             nvbit        000000
__Lnvrram                                            nvrram       000000
__Lparam                                             rparam       000000
__Lpowerup                                           powerup      00000E
__Lram                                               ram          000000
__Lramtop                                            ramtop       001000
__Lrbit                                              rbit         000000
__Lrbss                                              rbss         000000
__Lrdata                                             rdata        000000
__Lreset_vec                                         reset_vec    000000
__Lrparam                                            rparam       000000
__Lsfr                                               sfr          000000
__Lsivt_hi                                           sivt_hi      000000
__Lsivt_lo                                           sivt_lo      000000
__Lsmallconst                                        smallconst   001000
__Lspace_0                                           (abs)        000000
__Lspace_1                                           (abs)        000000
__Lspace_2                                           (abs)        000000
__Lspace_4                                           (abs)        000000
__Lstack                                             stack        000000
__Lstruct                                            struct       000000
__Ltemp                                              temp         000077
__Ltext                                              text         000000
__Ltext0                                             text0        000000
__Ltext1                                             text1        000000
__Ltext10                                            text10       000000
__Ltext11                                            text11       000000
__Ltext12                                            text12       000000
__Ltext13                                            text13       000000
__Ltext14                                            text14       000000
__Ltext15                                            text15       000000
__Ltext16                                            text16       000000
__Ltext17                                            text17       000000
__Ltext18                                            text18       000000
__Ltext19                                            text19       000000
__Ltext2                                             text2        000000
__Ltext20                                            text20       000000
__Ltext21                                            text21       000000
__Ltext22                                            text22       000000
__Ltext23                                            text23       000000
__Ltext24                                            text24       000000
__Ltext25                                            text25       000000
__Ltext26                                            text26       000000
__Ltext27                                            text27       000000
__Ltext28                                            text28       000000
__Ltext29                                            text29       000000
__Ltext3                                             text3        000000
__Ltext30                                            text30       000000
__Ltext31                                            text31       000000
__Ltext33                                            text33       000000
__Ltext34                                            text34       000000
__Ltext35                                            text35       000000
__Ltext36                                            text36       000000
__Ltext37                                            text37       000000
__Ltext38                                            text38       000000
__Ltext39                                            text39       000000
__Ltext4                                             text4        000000
__Ltext40                                            text40       000000
__Ltext41                                            text41       000000
__Ltext42                                            text42       000000
__Ltext43                                            text43       000000
__Ltext44                                            text44       000000
__Ltext45                                            text45       000000
__Ltext46                                            text46       000000
__Ltext47                                            text47       000000
__Ltext48                                            text48       000000
__Ltext49                                            text49       000000
__Ltext5                                             text5        000000
__Ltext50                                            text50       000000
__Ltext51                                            text51       000000
__Ltext52                                            text52       000000
__Ltext53                                            text53       000000
__Ltext54                                            text54       000000
__Ltext6                                             text6        000000
__Ltext7                                             text7        000000
__Ltext8                                             text8        000000
__Ltext9                                             text9        000000
__S0                                                 (abs)        004042
__S1                                                 (abs)        00013B
__S4                                                 (abs)        000000
__S5                                                 (abs)        000000
___fladd                                             text17       001536
___fladd@a                                           cstackBANK0  0000AB
___fladd@aexp                                        cstackBANK0  0000B4
___fladd@b                                           cstackBANK0  0000A7
___fladd@bexp                                        cstackBANK0  0000B5
___fladd@grs                                         cstackBANK0  0000B6
___fladd@signs                                       cstackBANK0  0000B3
___fldiv                                             text16       001E22
___fldiv@a                                           cstackBANK0  000092
___fldiv@aexp                                        cstackBANK0  0000A6
___fldiv@b                                           cstackBANK0  00008E
___fldiv@bexp                                        cstackBANK0  0000A5
___fldiv@grs                                         cstackBANK0  0000A1
___fldiv@new_exp                                     cstackBANK0  00009F
___fldiv@rem                                         cstackBANK0  00009A
___fldiv@sign                                        cstackBANK0  00009E
___flmul                                             text39       0019F8
___flmul@a                                           cstackCOMRAM 000013
___flmul@aexp                                        cstackCOMRAM 000020
___flmul@b                                           cstackCOMRAM 00000F
___flmul@bexp                                        cstackCOMRAM 000021
___flmul@grs                                         cstackCOMRAM 00001C
___flmul@prod                                        cstackCOMRAM 000022
___flmul@sign                                        cstackCOMRAM 00001B
___flmul@temp                                        cstackCOMRAM 000026
___fltol                                             text15       002988
___fltol@exp1                                        cstackBANK0  000089
___fltol@f1                                          cstackBANK0  000080
___fltol@sign1                                       cstackBANK0  000088
___heap_hi                                           (abs)        000000
___heap_lo                                           (abs)        000000
___inthi_sp                                          stack        000000
___inthi_stack_hi                                    stack        000000
___inthi_stack_lo                                    stack        000000
___intlo_sp                                          stack        000000
___intlo_stack_hi                                    stack        000000
___intlo_stack_lo                                    stack        000000
___lwdiv                                             text38       0039D4
___lwdiv@counter                                     cstackCOMRAM 000007
___lwdiv@dividend                                    cstackCOMRAM 000001
___lwdiv@divisor                                     cstackCOMRAM 000003
___lwdiv@quotient                                    cstackCOMRAM 000005
___param_bank                                        (abs)        000000
___rparam_used                                       (abs)        000001
___sp                                                stack        000000
___stack_hi                                          stack        000000
___stack_lo                                          stack        000000
___xxtofl                                            text14       0024CA
___xxtofl@arg                                        cstackBANK0  00008A
___xxtofl@exp                                        cstackBANK0  000089
___xxtofl@sign                                       cstackBANK0  000088
___xxtofl@val                                        cstackBANK0  000080
__accesstop                                          (abs)        000080
__activetblptr                                       (abs)        000003
__end_of_ADC_GetConversionResult                     text44       003702
__end_of_ADC_GetConversion_Blocking                  text40       003B2C
__end_of_ADC_ISR                                     text54       004042
__end_of_ADC_Init                                    text23       00344C
__end_of_ADC_SelectChannel                           text42       003ECE
__end_of_ADC_StartConversion                         text41       003FAA
__end_of_AirConditioner_TempHandler                  text28       002988
__end_of_EUSART_ASYNC_Init                           text10       003DC4
__end_of_EUSART_ASYNC_RX_ISR                         text47       003E50
__end_of_EUSART_ASYNC_ReadByteBlocking               text53       004000
__end_of_EUSART_ASYNC_ReadByteNonBlocking            text52       003FE6
__end_of_EUSART_ASYNC_TX_ISR                         text46       00403E
__end_of_EUSART_ASYNC_WrireByteBlocking              text45       004018
__end_of_EUSART_RXDefaultInterruptHandler            text48       0024CA
__end_of_InterruptManager                            intcode_body 0035B8
__end_of_Interrupt_ADC_Init                          text27       003C9A
__end_of_KEY_PAD_BTN_VALUES                          smallconst   00100D
__end_of_LM35_GetTempCelsius                         text35       0032C8
__end_of_LM35_Init                                   text22       003F86
__end_of_TIMER0_ISR                                  text33       003F04
__end_of_TIMER0_InterruptHandler                     text34       003BE8
__end_of_Timer0_Init                                 text3        003C42
__end_of___fladd                                     text17       0019F8
__end_of___fldiv                                     text16       0021BE
__end_of___flmul                                     text39       001E22
__end_of___fltol                                     text15       002A90
__end_of___lwdiv                                     text38       003A48
__end_of___xxtofl                                    text14       002682
__end_of__initialization                             cinit        00377A
__end_of_adc_configure_result_format                 text26       003E0A
__end_of_adc_configure_voltage_refrence              text25       003D38
__end_of_adc_input_cahnnel_port_configure            text24       00304C
__end_of_application_init                            text1        004032
__end_of_ecu_layer_initialize                        text18       003ABA
__end_of_eusart_async_baudrate_calculation           text13       001536
__end_of_eusart_async_rx_configure                   text12       002C92
__end_of_eusart_async_tx_configure                   text11       0031F8
__end_of_gpio_pin_direction_init                     text21       002D8A
__end_of_gpio_pin_init                               text20       003E94
__end_of_gpio_pin_write_logic                        text31       002E80
__end_of_led_initialize                              text19       0039D4
__end_of_led_turn_off                                text30       003874
__end_of_led_turn_on                                 text29       0037FC
__end_of_main                                        text0        004028
__end_of_mcal_layer_initialize                       text2        003FC8
__end_of_timer0_InterruptConfigure                   text9        003D7E
__end_of_timer0_ModeConfigure                        text8        00365E
__end_of_timer0_PreLoadConfigure                     text7        003502
__end_of_timer0_PreScalerConfigure                   text5        003B8C
__end_of_timer0_PreScalerValueConfigure              text6        003394
__end_of_timer0_ResolutionConfigure                  text4        003CEC
__end_ofi2___fltol                                   text37       002B96
__end_ofi2___xxtofl                                  text36       002836
__end_ofi2_adc_input_cahnnel_port_configure          text43       003124
__end_ofi2_gpio_pin_write_logic                      text51       002F70
__end_ofi2_led_turn_off                              text50       003960
__end_ofi2_led_turn_on                               text49       0038EA
__initialization                                     cinit        003702
__mediumconst                                        mediumconst  000000
__pbssBANK0                                          bssBANK0     0000E6
__pbssCOMRAM                                         bssCOMRAM    00003D
__pcinit                                             cinit        003702
__pcstackBANK0                                       cstackBANK0  000080
__pcstackBANK1                                       cstackBANK1  000133
__pcstackCOMRAM                                      cstackCOMRAM 000001
__pdataBANK0                                         dataBANK0    0000BD
__pdataBANK1                                         dataBANK1    000100
__pdataCOMRAM                                        dataCOMRAM   000070
__pidataBANK0                                        idataBANK0   003F37
__pidataBANK1                                        idataBANK1   003F04
__pidataCOMRAM                                       idataCOMRAM  004032
__pintcode                                           intcode      000008
__pintcode_body                                      intcode_body 003502
__psmallconst                                        smallconst   001000
__ptext0                                             text0        004018
__ptext1                                             text1        004028
__ptext10                                            text10       003D7E
__ptext11                                            text11       003124
__ptext12                                            text12       002B96
__ptext13                                            text13       001014
__ptext14                                            text14       0024CA
__ptext15                                            text15       002988
__ptext16                                            text16       001E22
__ptext17                                            text17       001536
__ptext18                                            text18       003A48
__ptext19                                            text19       003960
__ptext2                                             text2        003FAA
__ptext20                                            text20       003E50
__ptext21                                            text21       002C92
__ptext22                                            text22       003F60
__ptext23                                            text23       003394
__ptext24                                            text24       002F70
__ptext25                                            text25       003CEC
__ptext26                                            text26       003DC4
__ptext27                                            text27       003C42
__ptext28                                            text28       002836
__ptext29                                            text29       003784
__ptext3                                             text3        003BE8
__ptext30                                            text30       0037FC
__ptext31                                            text31       002D8A
__ptext33                                            text33       003ECE
__ptext34                                            text34       003B8C
__ptext35                                            text35       0031F8
__ptext36                                            text36       002682
__ptext37                                            text37       002A90
__ptext38                                            text38       0039D4
__ptext39                                            text39       0019F8
__ptext4                                             text4        003C9A
__ptext40                                            text40       003ABA
__ptext41                                            text41       003F86
__ptext42                                            text42       003E94
__ptext43                                            text43       00304C
__ptext44                                            text44       00365E
__ptext45                                            text45       004000
__ptext46                                            text46       00403A
__ptext47                                            text47       003E0A
__ptext48                                            text48       0021BE
__ptext49                                            text49       003874
__ptext5                                             text5        003B2C
__ptext50                                            text50       0038EA
__ptext51                                            text51       002E80
__ptext52                                            text52       003FC8
__ptext53                                            text53       003FE6
__ptext54                                            text54       00403E
__ptext6                                             text6        0032C8
__ptext7                                             text7        00344C
__ptext8                                             text8        0035B8
__ptext9                                             text9        003D38
__ramtop                                             ramtop       001000
__smallconst                                         smallconst   001000
_adc_configure_result_format                         text26       003DC4
_adc_configure_voltage_refrence                      text25       003CEC
_adc_input_cahnnel_port_configure                    text24       002F70
_application_init                                    text1        004028
_ecu_layer_initialize                                text18       003A48
_euart_val                                           bssCOMRAM    00006F
_eusart_async_baudrate_calculation                   text13       001014
_eusart_async_baudrate_calculation$5232              cstackBANK1  000133
_eusart_async_rx_configure                           text12       002B96
_eusart_async_tx_configure                           text11       003124
_g_timer0_preload_value                              bssCOMRAM    000049
_g_timer3_preload_value                              bssCOMRAM    00003F
_gpio_pin_direction_init                             text21       002C92
_gpio_pin_init                                       text20       003E50
_gpio_pin_write_logic                                text31       002D8A
_lat_regs                                            dataBANK0    0000BD
_led_initialize                                      text19       003960
_led_turn_off                                        text30       0037FC
_led_turn_on                                         text29       003784
_lm35_reseption                                      dataBANK1    00012D
_lm35_room1                                          dataBANK1    000127
_lm35_room2                                          dataBANK1    000121
_main                                                text0        004018
_master_uart                                         dataBANK1    00010A
_mcal_layer_initialize                               text2        003FAA
_port_regs                                           dataBANK1    000100
_r1_ac                                               bssBANK0     0000F1
_r1_ac_temp                                          bssBANK0     0000FD
_r1_temp                                             bssBANK0     0000F8
_r2_ac                                               bssBANK0     0000F0
_r2_ac_temp                                          bssBANK0     0000FC
_r2_temp                                             bssBANK0     0000F6
_re_ac                                               bssBANK0     0000F2
_re_ac_temp                                          bssBANK0     0000FE
_re_temp                                             bssBANK0     0000FA
_reseption_AC                                        dataBANK0    0000E0
_reseption_TV                                        dataBANK0    0000DD
_reseption_light                                     dataBANK0    0000E3
_room_1_AC                                           dataBANK0    0000D7
_room_1_light                                        dataBANK0    0000DA
_room_2_AC                                           dataBANK0    0000D1
_room_2_light                                        dataBANK0    0000D4
_timer0_InterruptConfigure                           text9        003D38
_timer0_ModeConfigure                                text8        0035B8
_timer0_PreLoadConfigure                             text7        00344C
_timer0_PreScalerConfigure                           text5        003B2C
_timer0_PreScalerValueConfigure                      text6        0032C8
_timer0_ResolutionConfigure                          text4        003C9A
_timer0_obj                                          dataBANK1    000118
_timer1_preload_value                                bssCOMRAM    000043
_timer2_preload                                      bssCOMRAM    00006D
_tris_regs                                           dataBANK0    0000C7
adc_configure_result_format@adc_obj                  cstackBANK0  000080
adc_configure_voltage_refrence@adc_obj               cstackBANK0  000080
adc_input_cahnnel_port_configure@channel             cstackBANK0  000082
btemp                                                temp         000077
end_of_initialization                                cinit        00377A
eusart_async_baudrate_calculation@BRG_value          cstackBANK1  000137
eusart_async_baudrate_calculation@_eusart            cstackBANK0  0000B7
eusart_async_rx_configure@_eusart                    cstackBANK0  000080
eusart_async_tx_configure@_eusart                    cstackBANK0  000080
gpio_pin_direction_init@_pin_config                  cstackBANK0  000080
gpio_pin_direction_init@error_state                  cstackBANK0  000086
gpio_pin_init@_pin_config                            cstackBANK0  000088
gpio_pin_init@error_state                            cstackBANK0  000089
gpio_pin_write_logic@_pin_config                     cstackBANK0  000080
gpio_pin_write_logic@error_state                     cstackBANK0  000087
gpio_pin_write_logic@logic                           cstackBANK0  000081
i2___fltol                                           text37       002A90
i2___fltol@exp1                                      cstackCOMRAM 000031
i2___fltol@f1                                        cstackCOMRAM 000028
i2___fltol@sign1                                     cstackCOMRAM 000030
i2___xxtofl                                          text36       002682
i2___xxtofl@arg                                      cstackCOMRAM 00000B
i2___xxtofl@exp                                      cstackCOMRAM 00000A
i2___xxtofl@sign                                     cstackCOMRAM 000009
i2___xxtofl@val                                      cstackCOMRAM 000001
i2_adc_input_cahnnel_port_configure                  text43       00304C
i2_gpio_pin_write_logic                              text51       002E80
i2_led_turn_off                                      text50       0038EA
i2_led_turn_on                                       text49       003874
i2adc_input_cahnnel_port_configure@channel           cstackCOMRAM 000003
i2gpio_pin_write_logic@_pin_config                   cstackCOMRAM 000001
i2gpio_pin_write_logic@error_state                   cstackCOMRAM 000008
i2gpio_pin_write_logic@logic                         cstackCOMRAM 000002
i2led_turn_off@led                                   cstackCOMRAM 000009
i2led_turn_off@pin_obj                               cstackCOMRAM 00000B
i2led_turn_on@led                                    cstackCOMRAM 000009
i2led_turn_on@pin_obj                                cstackCOMRAM 00000B
int$flags                                            temp         000077
int_func                                             intcode_body 003502
intlevel0                                            text         000000
intlevel1                                            text         000000
intlevel2                                            text         000000
intlevel3                                            text         000000
isa$std                                              (abs)        000001
isa$xinst                                            (abs)        000000
led_initialize@F3058                                 bssBANK0     0000F5
led_initialize@led                                   cstackBANK0  00008A
led_initialize@pin_obj                               cstackBANK0  00008C
led_turn_off@F3068                                   bssBANK0     0000F3
led_turn_off@led                                     cstackBANK0  000088
led_turn_off@pin_obj                                 cstackBANK0  00008A
led_turn_on@F3063                                    bssBANK0     0000F4
led_turn_on@led                                      cstackBANK0  000088
led_turn_on@pin_obj                                  cstackBANK0  00008A
led_turn_toggle@F3073                                bssCOMRAM    00006E
stackhi                                              (abs)        000000
stacklo                                              (abs)        000000
start                                                init         00000E
start_initialization                                 cinit        003702
timer0_InterruptConfigure@error_state                cstackBANK0  000084
timer0_InterruptConfigure@timer0_obj                 cstackBANK0  000080
timer0_ModeConfigure@F3124                           dataCOMRAM   000070
timer0_ModeConfigure@error_state                     cstackBANK0  00008B
timer0_ModeConfigure@timer0_External_Clock_Input_Pin cstackBANK0  00008A
timer0_ModeConfigure@timer0_obj                      cstackBANK0  000087
timer0_PreLoadConfigure@error_state                  cstackBANK0  000084
timer0_PreLoadConfigure@timer0_obj                   cstackBANK0  000080
timer0_PreScalerConfigure@error_state                cstackBANK0  000087
timer0_PreScalerConfigure@timer0_obj                 cstackBANK0  000084
timer0_PreScalerValueConfigure@timer0_obj            cstackBANK0  000080
timer0_ResolutionConfigure@error_state               cstackBANK0  000083
timer0_ResolutionConfigure@timer0_obj                cstackBANK0  000080
ttemp5                                               temp         000078
ttemp6                                               temp         00007B
ttemp7                                               temp         00007F
wtemp8                                               temp         000078


MODULE INFORMATION

Module		Function		Class		Link	Load	Size
C:\Program Files\Microchip\xc8\v2.46\pic\sources\c99\common\fltol.c
		___fltol       		CODE           	2988	0000	264

C:\Program Files\Microchip\xc8\v2.46\pic\sources\c99\common\fltol.c estimated size: 264

MCAL_layer/INTERRUPT/mcall_interrupt_manager.c
		_InterruptManager		CODE           	0008	0000	188

MCAL_layer/INTERRUPT/mcall_interrupt_manager.c estimated size: 188

C:\Program Files\Microchip\xc8\v2.46\pic\sources\c99\common\lwdiv.c
		___lwdiv       		CODE           	39D4	0000	116

C:\Program Files\Microchip\xc8\v2.46\pic\sources\c99\common\lwdiv.c estimated size: 116

ECU_layer/LM35/lm35.c
		_LM35_GetTempCelsius		CODE           	31F8	0000	208
		_LM35_Init     		CODE           	3F60	0000	38

ECU_layer/LM35/lm35.c estimated size: 246

C:\Program Files\Microchip\xc8\v2.46\pic\sources\c99\common\xxtofl.c
		___xxtofl      		CODE           	24CA	0000	440

C:\Program Files\Microchip\xc8\v2.46\pic\sources\c99\common\xxtofl.c estimated size: 440

ECU_layer/ecu_layer_init.c
		_ecu_layer_initialize		CODE           	3A48	0000	114

ECU_layer/ecu_layer_init.c estimated size: 114

MCAL_layer/GPIO/mcal_gpio.c
		_gpio_pin_write_logic		CODE           	2D8A	0000	246
		_gpio_pin_direction_init		CODE           	2C92	0000	248
		_gpio_pin_init 		CODE           	3E50	0000	68

MCAL_layer/GPIO/mcal_gpio.c estimated size: 562

C:\Program Files\Microchip\xc8\v2.46\pic\sources\c99\common\sprcmul.c
		___flmul       		CODE           	19F8	0000	1066

C:\Program Files\Microchip\xc8\v2.46\pic\sources\c99\common\sprcmul.c estimated size: 1066

C:\Program Files\Microchip\xc8\v2.46\pic\sources\c99\common\sprcdiv.c
		___fldiv       		CODE           	1E22	0000	924

C:\Program Files\Microchip\xc8\v2.46\pic\sources\c99\common\sprcdiv.c estimated size: 924

MCAL_layer/TIMER0/timer0.c
		_timer0_PreLoadConfigure		CODE           	344C	0000	182
		_Timer0_Init   		CODE           	3BE8	0000	90
		_timer0_PreScalerConfigure		CODE           	3B2C	0000	96
		_timer0_InterruptConfigure		CODE           	3D38	0000	70
		_timer0_PreScalerValueConfigure		CODE           	32C8	0000	204
		_timer0_ModeConfigure		CODE           	35B8	0000	166
		_TIMER0_ISR    		CODE           	3ECE	0000	54
		_timer0_ResolutionConfigure		CODE           	3C9A	0000	82

MCAL_layer/TIMER0/timer0.c estimated size: 944

MCAL_layer/ADC/mcal_adc.c
		_adc_configure_voltage_refrence		CODE           	3CEC	0000	76
		_adc_input_cahnnel_port_configure		CODE           	2F70	0000	220
		_ADC_GetConversion_Blocking		CODE           	3ABA	0000	114
		_ADC_GetConversionResult		CODE           	365E	0000	164
		_ADC_StartConversion		CODE           	3F86	0000	36
		_ADC_ISR       		CODE           	403E	0000	4
		_Interrupt_ADC_Init		CODE           	3C42	0000	88
		_ADC_SelectChannel		CODE           	3E94	0000	58
		_adc_configure_result_format		CODE           	3DC4	0000	70
		_ADC_Init      		CODE           	3394	0000	184

MCAL_layer/ADC/mcal_adc.c estimated size: 1014

shared
		i2_adc_input_cahnnel_port_configure		CODE           	304C	0000	216
		i2___fltol     		CODE           	2A90	0000	262
		__initialization		CODE           	3702	0000	120
		i2_gpio_pin_write_logic		CODE           	2E80	0000	240
		_KEY_PAD_BTN_VALUES		SMALLCONST     	1001	0000	12
		i2___xxtofl    		CODE           	2682	0000	436
		i2_led_turn_on 		CODE           	3874	0000	118
		i2_led_turn_off		CODE           	38EA	0000	118

shared estimated size: 1522

ECU_layer/LED/ecu_led.c
		_led_initialize		CODE           	3960	0000	116
		_led_turn_on   		CODE           	3784	0000	120
		_led_turn_off  		CODE           	37FC	0000	120

ECU_layer/LED/ecu_led.c estimated size: 356

MCAL_layer/mcal_layer_init.c
		_mcal_layer_initialize		CODE           	3FAA	0000	30

MCAL_layer/mcal_layer_init.c estimated size: 30

C:\Program Files\Microchip\xc8\v2.46\pic\sources\c99\common\sprcadd.c
		___fladd       		CODE           	1536	0000	1218

C:\Program Files\Microchip\xc8\v2.46\pic\sources\c99\common\sprcadd.c estimated size: 1218

application.c
		_AirConditioner_TempHandler		CODE           	2836	0000	338
		_main          		CODE           	4018	0000	16
		_EUSART_RXDefaultInterruptHandler		CODE           	21BE	0000	780
		_application_init		CODE           	4028	0000	10
		_TIMER0_InterruptHandler		CODE           	3B8C	0000	92

application.c estimated size: 1236

MCAL_layer/EUSART/mcal_eusart.c
		_eusart_async_baudrate_calculation		CODE           	1014	0000	1314
		_EUSART_ASYNC_RX_ISR		CODE           	3E0A	0000	70
		_EUSART_ASYNC_TX_ISR		CODE           	403A	0000	4
		_EUSART_ASYNC_WrireByteBlocking		CODE           	4000	0000	24
		_EUSART_ASYNC_ReadByteBlocking		CODE           	3FE6	0000	26
		_EUSART_ASYNC_Init		CODE           	3D7E	0000	70
		_EUSART_ASYNC_ReadByteNonBlocking		CODE           	3FC8	0000	30
		_eusart_async_rx_configure		CODE           	2B96	0000	252
		_eusart_async_tx_configure		CODE           	3124	0000	212

MCAL_layer/EUSART/mcal_eusart.c estimated size: 2002

